2026-09-30T06:01:25.331+00:00 Live eval: loading base/tuned at full precision (bfloat16); pass --config to 
2026-09-30T06:01:25.331+00:00 reuse the training run's own quantization.
2026-09-30T06:01:36.090+00:00 Warning: You are sending unauthenticated requests to the HF Hub. Please set a HF_TOKEN to enable higher rate limits and faster downloads.
2026-09-30T06:01:38.039+00:00 [transformers] `torch_dtype` is deprecated! Use `dtype` instead!
2026-09-30T06:01:40.461+00:00 Loading weights:   0%|          | 0/338 [00:00<?, ?it/s]
2026-09-30T06:01:40.604+00:00 Loading weights:   2%|▏         | 6/338 [00:00<00:07, 42.22it/s]
2026-09-30T06:01:40.710+00:00 Loading weights:   3%|▎         | 11/338 [00:00<00:08, 37.76it/s]
2026-09-30T06:01:40.819+00:00 Loading weights:   4%|▍         | 15/338 [00:00<00:08, 38.01it/s]
2026-09-30T06:01:40.921+00:00 Loading weights:   7%|▋         | 22/338 [00:00<00:06, 47.32it/s]
2026-09-30T06:01:41.073+00:00 Loading weights:   9%|▉         | 31/338 [00:00<00:05, 60.59it/s]
2026-09-30T06:01:41.174+00:00 Loading weights:  11%|█         | 38/338 [00:00<00:05, 54.58it/s]
2026-09-30T06:01:41.377+00:00 Loading weights:  13%|█▎        | 44/338 [00:00<00:05, 55.96it/s]
2026-09-30T06:01:41.533+00:00 Loading weights:  15%|█▍        | 50/338 [00:01<00:06, 44.22it/s]
2026-09-30T06:01:41.683+00:00 Loading weights:  16%|█▋        | 55/338 [00:01<00:07, 40.19it/s]
2026-09-30T06:01:41.830+00:00 Loading weights:  18%|█▊        | 61/338 [00:01<00:06, 40.17it/s]
2026-09-30T06:01:41.982+00:00 Loading weights:  22%|██▏       | 74/338 [00:01<00:04, 54.84it/s]
2026-09-30T06:01:42.124+00:00 Loading weights:  24%|██▎       | 80/338 [00:01<00:05, 50.10it/s]
2026-09-30T06:01:42.272+00:00 Loading weights:  25%|██▌       | 86/338 [00:01<00:05, 47.92it/s]
2026-09-30T06:01:42.449+00:00 Loading weights:  27%|██▋       | 91/338 [00:01<00:05, 43.51it/s]
2026-09-30T06:01:42.651+00:00 Loading weights:  29%|██▊       | 97/338 [00:02<00:05, 40.17it/s]
2026-09-30T06:01:42.789+00:00 Loading weights:  30%|███       | 102/338 [00:02<00:06, 34.70it/s]
2026-09-30T06:01:43.024+00:00 Loading weights:  33%|███▎      | 112/338 [00:02<00:05, 44.56it/s]
2026-09-30T06:01:43.212+00:00 Loading weights:  37%|███▋      | 125/338 [00:02<00:04, 48.59it/s]
2026-09-30T06:01:43.337+00:00 Loading weights:  38%|███▊      | 130/338 [00:02<00:04, 41.93it/s]
2026-09-30T06:01:43.504+00:00 Loading weights:  41%|████      | 137/338 [00:03<00:04, 45.18it/s]
2026-09-30T06:01:43.622+00:00 Loading weights:  43%|████▎     | 146/338 [00:03<00:04, 47.63it/s]
2026-09-30T06:01:43.729+00:00 Loading weights:  48%|████▊     | 163/338 [00:03<00:02, 70.07it/s]
2026-09-30T06:01:43.898+00:00 Loading weights:  51%|█████     | 171/338 [00:03<00:02, 71.25it/s]
2026-09-30T06:01:44.242+00:00 Loading weights:  53%|█████▎    | 179/338 [00:03<00:02, 63.05it/s]
2026-09-30T06:01:44.395+00:00 Loading weights:  55%|█████▌    | 186/338 [00:03<00:03, 41.69it/s]
2026-09-30T06:01:44.421+00:00 Loading weights:  57%|█████▋    | 194/338 [00:04<00:03, 44.27it/s]
2026-09-30T06:01:44.421+00:00 Loading weights: 100%|██████████| 338/338 [00:04<00:00, 82.38it/s]
2026-09-30T06:01:49.307+00:00 Loading weights:   0%|          | 0/338 [00:00<?, ?it/s]
2026-09-30T06:01:49.417+00:00 Loading weights:   2%|▏         | 8/338 [00:00<00:05, 57.97it/s]
2026-09-30T06:01:49.584+00:00 Loading weights:   4%|▍         | 14/338 [00:00<00:05, 56.33it/s]
2026-09-30T06:01:49.703+00:00 Loading weights:   8%|▊         | 28/338 [00:00<00:04, 71.31it/s]
2026-09-30T06:01:49.997+00:00 Loading weights:  11%|█         | 38/338 [00:00<00:03, 75.53it/s]
2026-09-30T06:01:50.101+00:00 Loading weights:  14%|█▎        | 46/338 [00:00<00:05, 48.72it/s]
2026-09-30T06:01:50.278+00:00 Loading weights:  17%|█▋        | 59/338 [00:00<00:04, 65.46it/s]
2026-09-30T06:01:50.465+00:00 Loading weights:  20%|██        | 68/338 [00:01<00:04, 60.32it/s]
2026-09-30T06:01:50.754+00:00 Loading weights:  22%|██▏       | 76/338 [00:01<00:04, 54.28it/s]
2026-09-30T06:01:50.877+00:00 Loading weights:  25%|██▍       | 83/338 [00:01<00:06, 41.34it/s]
2026-09-30T06:01:50.980+00:00 Loading weights:  27%|██▋       | 90/338 [00:01<00:05, 44.65it/s]
2026-09-30T06:01:51.080+00:00 Loading weights:  29%|██▉       | 98/338 [00:01<00:04, 51.24it/s]
2026-09-30T06:01:51.190+00:00 Loading weights:  31%|███       | 105/338 [00:01<00:04, 55.27it/s]
2026-09-30T06:01:51.374+00:00 Loading weights:  33%|███▎      | 112/338 [00:02<00:03, 57.31it/s]
2026-09-30T06:01:51.481+00:00 Loading weights:  35%|███▌      | 119/338 [00:02<00:04, 50.12it/s]
2026-09-30T06:01:51.592+00:00 Loading weights:  37%|███▋      | 126/338 [00:02<00:03, 53.70it/s]
2026-09-30T06:01:51.721+00:00 Loading weights:  39%|███▉      | 133/338 [00:02<00:03, 56.26it/s]
2026-09-30T06:01:51.766+00:00 Loading weights:  41%|████▏     | 140/338 [00:02<00:03, 55.52it/s]
2026-09-30T06:01:51.766+00:00 Loading weights: 100%|██████████| 338/338 [00:02<00:00, 130.17it/s]
2026-09-30T06:01:53.089+00:00 W0930 09:01:53.088000 32536 Lib\site-packages\torch\utils\flop_counter.py:29] triton not found; flop counting will not work for triton kernels
