2026-09-30T06:24:17.319+00:00 $ pip install --dry-run soup-cli[train]
2026-09-30T06:24:18.468+00:00 Collecting soup-cli[train]
2026-09-30T06:24:18.498+00:00   Downloading soup_cli-0.72.4-py3-none-any.whl.metadata (25 kB)
2026-09-30T06:24:18.543+00:00 Requirement already satisfied: huggingface-hub>=0.16.0 in /usr/local/lib/python3.13/dist-packages (from soup-cli[train]) (1.29.0)
2026-09-30T06:24:18.586+00:00 Collecting plotext>=5.2.0 (from soup-cli[train])
2026-09-30T06:24:18.598+00:00   Downloading plotext-6.1.0-py3-none-manylinux_2_17_x86_64.manylinux2014_x86_64.whl.metadata (7.9 kB)
2026-09-30T06:24:18.611+00:00 Requirement already satisfied: pydantic>=2.0.0 in /usr/local/lib/python3.13/dist-packages (from soup-cli[train]) (2.13.5)
2026-09-30T06:24:18.612+00:00 Requirement already satisfied: pyyaml>=6.0 in /usr/local/lib/python3.13/dist-packages (from soup-cli[train]) (6.0.3)
2026-09-30T06:24:18.614+00:00 Requirement already satisfied: rich>=13.0.0 in /usr/local/lib/python3.13/dist-packages (from soup-cli[train]) (13.9.4)
2026-09-30T06:24:18.712+00:00 Collecting typer<0.21.0,>=0.9.0 (from soup-cli[train])
2026-09-30T06:24:18.723+00:00   Downloading typer-0.20.1-py3-none-any.whl.metadata (16 kB)
2026-09-30T06:24:18.735+00:00 Requirement already satisfied: accelerate>=0.25.0 in /usr/local/lib/python3.13/dist-packages (from soup-cli[train]) (1.14.0)
2026-09-30T06:24:18.797+00:00 Collecting bitsandbytes>=0.41.0 (from soup-cli[train])
2026-09-30T06:24:18.808+00:00   Downloading bitsandbytes-0.50.2-py3-none-manylinux_2_24_x86_64.whl.metadata (10 kB)
2026-09-30T06:24:18.822+00:00 Requirement already satisfied: datasets>=2.14.0 in /usr/local/lib/python3.13/dist-packages (from soup-cli[train]) (4.8.5)
2026-09-30T06:24:18.824+00:00 Requirement already satisfied: peft>=0.7.0 in /usr/local/lib/python3.13/dist-packages (from soup-cli[train]) (0.20.0)
2026-09-30T06:24:18.827+00:00 Requirement already satisfied: torch>=2.0.0 in /usr/local/lib/python3.13/dist-packages (from soup-cli[train]) (2.11.0+cu128)
2026-09-30T06:24:19.057+00:00 Collecting transformers<5.0.0,>=4.36.0 (from soup-cli[train])
2026-09-30T06:24:19.066+00:00   Downloading transformers-4.57.6-py3-none-any.whl.metadata (43 kB)
2026-09-30T06:24:19.078+00:00      ━━━━━━━━━━━━━━━━━━━━━━━━━━━━━━━━━━━━━━━━ 44.0/44.0 kB 4.0 MB/s eta 0:00:00
2026-09-30T06:24:19.380+00:00 Collecting trl<0.25,>=0.7.0 (from soup-cli[train])
2026-09-30T06:24:19.390+00:00   Downloading trl-0.24.0-py3-none-any.whl.metadata (11 kB)
2026-09-30T06:24:19.420+00:00 Requirement already satisfied: numpy>=1.17 in /usr/local/lib/python3.13/dist-packages (from accelerate>=0.25.0->soup-cli[train]) (2.1.3)
2026-09-30T06:24:19.422+00:00 Requirement already satisfied: packaging>=20.0 in /usr/local/lib/python3.13/dist-packages (from accelerate>=0.25.0->soup-cli[train]) (26.3)
2026-09-30T06:24:19.423+00:00 Requirement already satisfied: psutil in /usr/local/lib/python3.13/dist-packages (from accelerate>=0.25.0->soup-cli[train]) (5.9.5)
2026-09-30T06:24:19.427+00:00 Requirement already satisfied: safetensors>=0.4.3 in /usr/local/lib/python3.13/dist-packages (from accelerate>=0.25.0->soup-cli[train]) (0.8.0)
2026-09-30T06:24:19.450+00:00 Requirement already satisfied: filelock in /usr/local/lib/python3.13/dist-packages (from datasets>=2.14.0->soup-cli[train]) (3.32.5)
2026-09-30T06:24:19.455+00:00 Requirement already satisfied: pyarrow>=21.0.0 in /usr/local/lib/python3.13/dist-packages (from datasets>=2.14.0->soup-cli[train]) (23.0.1)
2026-09-30T06:24:19.456+00:00 Requirement already satisfied: dill<0.4.2,>=0.3.0 in /usr/local/lib/python3.13/dist-packages (from datasets>=2.14.0->soup-cli[train]) (0.4.1)
2026-09-30T06:24:19.466+00:00 Requirement already satisfied: pandas in /usr/local/lib/python3.13/dist-packages (from datasets>=2.14.0->soup-cli[train]) (2.2.3)
2026-09-30T06:24:19.467+00:00 Requirement already satisfied: requests>=2.32.2 in /usr/local/lib/python3.13/dist-packages (from datasets>=2.14.0->soup-cli[train]) (2.32.4)
2026-09-30T06:24:19.468+00:00 Requirement already satisfied: httpx<1.0.0 in /usr/local/lib/python3.13/dist-packages (from datasets>=2.14.0->soup-cli[train]) (0.28.1)
2026-09-30T06:24:19.472+00:00 Requirement already satisfied: tqdm>=4.66.3 in /usr/local/lib/python3.13/dist-packages (from datasets>=2.14.0->soup-cli[train]) (4.67.3)
2026-09-30T06:24:19.474+00:00 Requirement already satisfied: xxhash in /usr/local/lib/python3.13/dist-packages (from datasets>=2.14.0->soup-cli[train]) (4.0.1)
2026-09-30T06:24:19.475+00:00 Requirement already satisfied: multiprocess<0.70.20 in /usr/local/lib/python3.13/dist-packages (from datasets>=2.14.0->soup-cli[train]) (0.70.19)
2026-09-30T06:24:19.478+00:00 Requirement already satisfied: fsspec<=2026.2.0,>=2023.1.0 in /usr/local/lib/python3.13/dist-packages (from fsspec[http]<=2026.2.0,>=2023.1.0->datasets>=2.14.0->soup-cli[train]) (2025.12.0)
2026-09-30T06:24:19.498+00:00 Requirement already satisfied: click<9.0.0,>=8.4.2 in /usr/local/lib/python3.13/dist-packages (from huggingface-hub>=0.16.0->soup-cli[train]) (8.5.0)
2026-09-30T06:24:19.501+00:00 Requirement already satisfied: hf-xet<2.0.0,>=1.5.2 in /usr/local/lib/python3.13/dist-packages (from huggingface-hub>=0.16.0->soup-cli[train]) (1.6.0)
2026-09-30T06:24:19.505+00:00 Requirement already satisfied: typing-extensions>=4.1.0 in /usr/local/lib/python3.13/dist-packages (from huggingface-hub>=0.16.0->soup-cli[train]) (4.16.0)
2026-09-30T06:24:19.526+00:00 Requirement already satisfied: annotated-types>=0.6.0 in /usr/local/lib/python3.13/dist-packages (from pydantic>=2.0.0->soup-cli[train]) (0.8.0)
2026-09-30T06:24:19.527+00:00 Requirement already satisfied: pydantic-core==2.46.5 in /usr/local/lib/python3.13/dist-packages (from pydantic>=2.0.0->soup-cli[train]) (2.46.5)
2026-09-30T06:24:19.529+00:00 Requirement already satisfied: typing-inspection>=0.4.2 in /usr/local/lib/python3.13/dist-packages (from pydantic>=2.0.0->soup-cli[train]) (0.4.4)
2026-09-30T06:24:19.536+00:00 Requirement already satisfied: markdown-it-py>=2.2.0 in /usr/local/lib/python3.13/dist-packages (from rich>=13.0.0->soup-cli[train]) (4.2.0)
2026-09-30T06:24:19.537+00:00 Requirement already satisfied: pygments<3.0.0,>=2.13.0 in /usr/local/lib/python3.13/dist-packages (from rich>=13.0.0->soup-cli[train]) (2.21.0)
2026-09-30T06:24:19.544+00:00 Requirement already satisfied: setuptools<82 in /usr/local/lib/python3.13/dist-packages (from torch>=2.0.0->soup-cli[train]) (80.10.2)
2026-09-30T06:24:19.546+00:00 Requirement already satisfied: sympy>=1.13.3 in /usr/local/lib/python3.13/dist-packages (from torch>=2.0.0->soup-cli[train]) (1.14.0)
2026-09-30T06:24:19.547+00:00 Requirement already satisfied: networkx>=2.5.1 in /usr/local/lib/python3.13/dist-packages (from torch>=2.0.0->soup-cli[train]) (3.6.1)
2026-09-30T06:24:19.549+00:00 Requirement already satisfied: jinja2 in /usr/local/lib/python3.13/dist-packages (from torch>=2.0.0->soup-cli[train]) (3.1.6)
2026-09-30T06:24:19.551+00:00 Requirement already satisfied: cuda-toolkit==12.8.1 in /usr/local/lib/python3.13/dist-packages (from cuda-toolkit[cublas,cudart,cufft,cufile,cupti,curand,cusolver,cusparse,nvjitlink,nvrtc,nvtx]==12.8.1; platform_system == "Linux"->torch>=2.0.0->soup-cli[train]) (12.8.1)
2026-09-30T06:24:19.553+00:00 Requirement already satisfied: cuda-bindings<13,>=12.9.4 in /usr/local/lib/python3.13/dist-packages (from torch>=2.0.0->soup-cli[train]) (12.9.7)
2026-09-30T06:24:19.555+00:00 Requirement already satisfied: nvidia-cudnn-cu12==9.19.0.56 in /usr/local/lib/python3.13/dist-packages (from torch>=2.0.0->soup-cli[train]) (9.19.0.56)
2026-09-30T06:24:19.556+00:00 Requirement already satisfied: nvidia-cusparselt-cu12==0.7.1 in /usr/local/lib/python3.13/dist-packages (from torch>=2.0.0->soup-cli[train]) (0.7.1)
2026-09-30T06:24:19.557+00:00 Requirement already satisfied: nvidia-nccl-cu12==2.28.9 in /usr/local/lib/python3.13/dist-packages (from torch>=2.0.0->soup-cli[train]) (2.28.9)
2026-09-30T06:24:19.559+00:00 Requirement already satisfied: nvidia-nvshmem-cu12==3.4.5 in /usr/local/lib/python3.13/dist-packages (from torch>=2.0.0->soup-cli[train]) (3.4.5)
2026-09-30T06:24:19.560+00:00 Requirement already satisfied: triton==3.6.0 in /usr/local/lib/python3.13/dist-packages (from torch>=2.0.0->soup-cli[train]) (3.6.0)
2026-09-30T06:24:19.585+00:00 Requirement already satisfied: nvidia-cublas-cu12==12.8.4.1.* in /usr/local/lib/python3.13/dist-packages (from cuda-toolkit[cublas,cudart,cufft,cufile,cupti,curand,cusolver,cusparse,nvjitlink,nvrtc,nvtx]==12.8.1; platform_system == "Linux"->torch>=2.0.0->soup-cli[train]) (12.8.4.1)
2026-09-30T06:24:19.586+00:00 Requirement already satisfied: nvidia-cuda-runtime-cu12==12.8.90.* in /usr/local/lib/python3.13/dist-packages (from cuda-toolkit[cublas,cudart,cufft,cufile,cupti,curand,cusolver,cusparse,nvjitlink,nvrtc,nvtx]==12.8.1; platform_system == "Linux"->torch>=2.0.0->soup-cli[train]) (12.8.90)
2026-09-30T06:24:19.588+00:00 Requirement already satisfied: nvidia-cufft-cu12==11.3.3.83.* in /usr/local/lib/python3.13/dist-packages (from cuda-toolkit[cublas,cudart,cufft,cufile,cupti,curand,cusolver,cusparse,nvjitlink,nvrtc,nvtx]==12.8.1; platform_system == "Linux"->torch>=2.0.0->soup-cli[train]) (11.3.3.83)
2026-09-30T06:24:19.589+00:00 Requirement already satisfied: nvidia-cufile-cu12==1.13.1.3.* in /usr/local/lib/python3.13/dist-packages (from cuda-toolkit[cublas,cudart,cufft,cufile,cupti,curand,cusolver,cusparse,nvjitlink,nvrtc,nvtx]==12.8.1; platform_system == "Linux"->torch>=2.0.0->soup-cli[train]) (1.13.1.3)
2026-09-30T06:24:19.591+00:00 Requirement already satisfied: nvidia-cuda-cupti-cu12==12.8.90.* in /usr/local/lib/python3.13/dist-packages (from cuda-toolkit[cublas,cudart,cufft,cufile,cupti,curand,cusolver,cusparse,nvjitlink,nvrtc,nvtx]==12.8.1; platform_system == "Linux"->torch>=2.0.0->soup-cli[train]) (12.8.90)
2026-09-30T06:24:19.592+00:00 Requirement already satisfied: nvidia-curand-cu12==10.3.9.90.* in /usr/local/lib/python3.13/dist-packages (from cuda-toolkit[cublas,cudart,cufft,cufile,cupti,curand,cusolver,cusparse,nvjitlink,nvrtc,nvtx]==12.8.1; platform_system == "Linux"->torch>=2.0.0->soup-cli[train]) (10.3.9.90)
2026-09-30T06:24:19.594+00:00 Requirement already satisfied: nvidia-cusolver-cu12==11.7.3.90.* in /usr/local/lib/python3.13/dist-packages (from cuda-toolkit[cublas,cudart,cufft,cufile,cupti,curand,cusolver,cusparse,nvjitlink,nvrtc,nvtx]==12.8.1; platform_system == "Linux"->torch>=2.0.0->soup-cli[train]) (11.7.3.90)
2026-09-30T06:24:19.596+00:00 Requirement already satisfied: nvidia-cusparse-cu12==12.5.8.93.* in /usr/local/lib/python3.13/dist-packages (from cuda-toolkit[cublas,cudart,cufft,cufile,cupti,curand,cusolver,cusparse,nvjitlink,nvrtc,nvtx]==12.8.1; platform_system == "Linux"->torch>=2.0.0->soup-cli[train]) (12.5.8.93)
2026-09-30T06:24:19.597+00:00 Requirement already satisfied: nvidia-nvjitlink-cu12==12.8.93.* in /usr/local/lib/python3.13/dist-packages (from cuda-toolkit[cublas,cudart,cufft,cufile,cupti,curand,cusolver,cusparse,nvjitlink,nvrtc,nvtx]==12.8.1; platform_system == "Linux"->torch>=2.0.0->soup-cli[train]) (12.8.93)
2026-09-30T06:24:19.598+00:00 Requirement already satisfied: nvidia-cuda-nvrtc-cu12==12.8.93.* in /usr/local/lib/python3.13/dist-packages (from cuda-toolkit[cublas,cudart,cufft,cufile,cupti,curand,cusolver,cusparse,nvjitlink,nvrtc,nvtx]==12.8.1; platform_system == "Linux"->torch>=2.0.0->soup-cli[train]) (12.8.93)
2026-09-30T06:24:19.600+00:00 Requirement already satisfied: nvidia-nvtx-cu12==12.8.90.* in /usr/local/lib/python3.13/dist-packages (from cuda-toolkit[cublas,cudart,cufft,cufile,cupti,curand,cusolver,cusparse,nvjitlink,nvrtc,nvtx]==12.8.1; platform_system == "Linux"->torch>=2.0.0->soup-cli[train]) (12.8.90)
2026-09-30T06:24:19.957+00:00 Collecting huggingface-hub>=0.16.0 (from soup-cli[train])
2026-09-30T06:24:19.968+00:00   Downloading huggingface_hub-0.36.2-py3-none-any.whl.metadata (15 kB)
2026-09-30T06:24:20.020+00:00 Requirement already satisfied: regex!=2019.12.17 in /usr/local/lib/python3.13/dist-packages (from transformers<5.0.0,>=4.36.0->soup-cli[train]) (2025.11.3)
2026-09-30T06:24:20.634+00:00 Collecting tokenizers<=0.23.0,>=0.22.0 (from transformers<5.0.0,>=4.36.0->soup-cli[train])
2026-09-30T06:24:20.652+00:00   Downloading tokenizers-0.22.2-cp39-abi3-manylinux_2_17_x86_64.manylinux2014_x86_64.whl.metadata (7.3 kB)
2026-09-30T06:24:20.710+00:00 Requirement already satisfied: shellingham>=1.3.0 in /usr/local/lib/python3.13/dist-packages (from typer<0.21.0,>=0.9.0->soup-cli[train]) (1.5.4)
2026-09-30T06:24:20.731+00:00 Requirement already satisfied: cuda-pathfinder~=1.1 in /usr/local/lib/python3.13/dist-packages (from cuda-bindings<13,>=12.9.4->torch>=2.0.0->soup-cli[train]) (1.8.0)
2026-09-30T06:24:20.754+00:00 Requirement already satisfied: aiohttp!=4.0.0a0,!=4.0.0a1 in /usr/local/lib/python3.13/dist-packages (from fsspec[http]<=2026.2.0,>=2023.1.0->datasets>=2.14.0->soup-cli[train]) (3.14.3)
2026-09-30T06:24:20.760+00:00 Requirement already satisfied: anyio in /usr/local/lib/python3.13/dist-packages (from httpx<1.0.0->datasets>=2.14.0->soup-cli[train]) (4.14.2)
2026-09-30T06:24:20.762+00:00 Requirement already satisfied: certifi in /usr/local/lib/python3.13/dist-packages (from httpx<1.0.0->datasets>=2.14.0->soup-cli[train]) (2026.7.22)
2026-09-30T06:24:20.764+00:00 Requirement already satisfied: httpcore==1.* in /usr/local/lib/python3.13/dist-packages (from httpx<1.0.0->datasets>=2.14.0->soup-cli[train]) (1.0.9)
2026-09-30T06:24:20.765+00:00 Requirement already satisfied: idna in /usr/local/lib/python3.13/dist-packages (from httpx<1.0.0->datasets>=2.14.0->soup-cli[train]) (3.19)
2026-09-30T06:24:20.770+00:00 Requirement already satisfied: h11>=0.16 in /usr/local/lib/python3.13/dist-packages (from httpcore==1.*->httpx<1.0.0->datasets>=2.14.0->soup-cli[train]) (0.16.0)
2026-09-30T06:24:20.775+00:00 Requirement already satisfied: mdurl~=0.1 in /usr/local/lib/python3.13/dist-packages (from markdown-it-py>=2.2.0->rich>=13.0.0->soup-cli[train]) (0.1.2)
2026-09-30T06:24:20.804+00:00 Requirement already satisfied: charset_normalizer<4,>=2 in /usr/local/lib/python3.13/dist-packages (from requests>=2.32.2->datasets>=2.14.0->soup-cli[train]) (3.4.9)
2026-09-30T06:24:20.806+00:00 Requirement already satisfied: urllib3<3,>=1.21.1 in /usr/local/lib/python3.13/dist-packages (from requests>=2.32.2->datasets>=2.14.0->soup-cli[train]) (2.5.0)
2026-09-30T06:24:20.824+00:00 Requirement already satisfied: mpmath<1.4,>=1.1.0 in /usr/local/lib/python3.13/dist-packages (from sympy>=1.13.3->torch>=2.0.0->soup-cli[train]) (1.3.0)
2026-09-30T06:24:20.863+00:00 Requirement already satisfied: MarkupSafe>=2.0 in /usr/local/lib/python3.13/dist-packages (from jinja2->torch>=2.0.0->soup-cli[train]) (3.0.3)
2026-09-30T06:24:20.883+00:00 Requirement already satisfied: python-dateutil>=2.8.2 in /usr/local/lib/python3.13/dist-packages (from pandas->datasets>=2.14.0->soup-cli[train]) (2.9.0.post0)
2026-09-30T06:24:20.885+00:00 Requirement already satisfied: pytz>=2020.1 in /usr/local/lib/python3.13/dist-packages (from pandas->datasets>=2.14.0->soup-cli[train]) (2025.2)
2026-09-30T06:24:20.886+00:00 Requirement already satisfied: tzdata>=2022.7 in /usr/local/lib/python3.13/dist-packages (from pandas->datasets>=2.14.0->soup-cli[train]) (2026.3)
2026-09-30T06:24:20.901+00:00 Requirement already satisfied: aiohappyeyeballs>=2.5.0 in /usr/local/lib/python3.13/dist-packages (from aiohttp!=4.0.0a0,!=4.0.0a1->fsspec[http]<=2026.2.0,>=2023.1.0->datasets>=2.14.0->soup-cli[train]) (2.7.1)
2026-09-30T06:24:20.903+00:00 Requirement already satisfied: aiosignal>=1.4.0 in /usr/local/lib/python3.13/dist-packages (from aiohttp!=4.0.0a0,!=4.0.0a1->fsspec[http]<=2026.2.0,>=2023.1.0->datasets>=2.14.0->soup-cli[train]) (1.4.0)
2026-09-30T06:24:20.904+00:00 Requirement already satisfied: attrs>=17.3.0 in /usr/local/lib/python3.13/dist-packages (from aiohttp!=4.0.0a0,!=4.0.0a1->fsspec[http]<=2026.2.0,>=2023.1.0->datasets>=2.14.0->soup-cli[train]) (26.1.0)
2026-09-30T06:24:20.906+00:00 Requirement already satisfied: frozenlist>=1.1.1 in /usr/local/lib/python3.13/dist-packages (from aiohttp!=4.0.0a0,!=4.0.0a1->fsspec[http]<=2026.2.0,>=2023.1.0->datasets>=2.14.0->soup-cli[train]) (1.8.0)
2026-09-30T06:24:20.908+00:00 Requirement already satisfied: multidict<7.0,>=4.5 in /usr/local/lib/python3.13/dist-packages (from aiohttp!=4.0.0a0,!=4.0.0a1->fsspec[http]<=2026.2.0,>=2023.1.0->datasets>=2.14.0->soup-cli[train]) (6.7.1)
2026-09-30T06:24:20.910+00:00 Requirement already satisfied: propcache>=0.2.0 in /usr/local/lib/python3.13/dist-packages (from aiohttp!=4.0.0a0,!=4.0.0a1->fsspec[http]<=2026.2.0,>=2023.1.0->datasets>=2.14.0->soup-cli[train]) (0.5.2)
2026-09-30T06:24:20.915+00:00 Requirement already satisfied: yarl<2.0,>=1.17.0 in /usr/local/lib/python3.13/dist-packages (from aiohttp!=4.0.0a0,!=4.0.0a1->fsspec[http]<=2026.2.0,>=2023.1.0->datasets>=2.14.0->soup-cli[train]) (1.24.5)
2026-09-30T06:24:20.934+00:00 Requirement already satisfied: six>=1.5 in /usr/local/lib/python3.13/dist-packages (from python-dateutil>=2.8.2->pandas->datasets>=2.14.0->soup-cli[train]) (1.17.0)
2026-09-30T06:24:20.989+00:00 Downloading bitsandbytes-0.50.2-py3-none-manylinux_2_24_x86_64.whl (43.1 MB)
2026-09-30T06:24:21.633+00:00    ━━━━━━━━━━━━━━━━━━━━━━━━━━━━━━━━━━━━━━━━ 43.1/43.1 MB 22.3 MB/s eta 0:00:00
2026-09-30T06:24:21.648+00:00 Downloading plotext-6.1.0-py3-none-manylinux_2_17_x86_64.manylinux2014_x86_64.whl (475 kB)
2026-09-30T06:24:21.662+00:00    ━━━━━━━━━━━━━━━━━━━━━━━━━━━━━━━━━━━━━━━━ 475.8/475.8 kB 42.5 MB/s eta 0:00:00
2026-09-30T06:24:21.671+00:00 Downloading transformers-4.57.6-py3-none-any.whl (12.0 MB)
2026-09-30T06:24:21.781+00:00    ━━━━━━━━━━━━━━━━━━━━━━━━━━━━━━━━━━━━━━━━ 12.0/12.0 MB 108.5 MB/s eta 0:00:00
2026-09-30T06:24:21.790+00:00 Downloading huggingface_hub-0.36.2-py3-none-any.whl (566 kB)
2026-09-30T06:24:21.808+00:00    ━━━━━━━━━━━━━━━━━━━━━━━━━━━━━━━━━━━━━━━━ 566.4/566.4 kB 35.8 MB/s eta 0:00:00
2026-09-30T06:24:21.818+00:00 Downloading trl-0.24.0-py3-none-any.whl (423 kB)
2026-09-30T06:24:21.831+00:00    ━━━━━━━━━━━━━━━━━━━━━━━━━━━━━━━━━━━━━━━━ 423.1/423.1 kB 39.4 MB/s eta 0:00:00
2026-09-30T06:24:21.841+00:00 Downloading typer-0.20.1-py3-none-any.whl (47 kB)
2026-09-30T06:24:21.850+00:00    ━━━━━━━━━━━━━━━━━━━━━━━━━━━━━━━━━━━━━━━━ 47.4/47.4 kB 5.1 MB/s eta 0:00:00
2026-09-30T06:24:21.918+00:00 Downloading soup_cli-0.72.4-py3-none-any.whl (1.9 MB)
2026-09-30T06:24:21.941+00:00    ━━━━━━━━━━━━━━━━━━━━━━━━━━━━━━━━━━━━━━━━ 1.9/1.9 MB 88.8 MB/s eta 0:00:00
2026-09-30T06:24:21.952+00:00 Downloading tokenizers-0.22.2-cp39-abi3-manylinux_2_17_x86_64.manylinux2014_x86_64.whl (3.3 MB)
2026-09-30T06:24:21.988+00:00    ━━━━━━━━━━━━━━━━━━━━━━━━━━━━━━━━━━━━━━━━ 3.3/3.3 MB 97.1 MB/s eta 0:00:00
2026-09-30T06:24:22.275+00:00 Would install bitsandbytes-0.50.2 huggingface_hub-0.36.2 plotext-6.1.0 soup-cli-0.72.4 tokenizers-0.22.2 transformers-4.57.6 trl-0.24.0 typer-0.20.1
