2026-09-30T06:26:49.713+00:00 $ soup data lint data/train.jsonl
2026-09-30T06:26:51.218+00:00                               soup data lint (dpo)                              
2026-09-30T06:26:51.218+00:00 ┏━━━━━━━━━━━━━━━━━┳━━━━━━━━━┳━━━━━━━━━━━━━━━━━━━━━━━━┳━━━━━━━━━━━━━━━━━━━━━━━━━┓
2026-09-30T06:26:51.218+00:00 ┃ Check           ┃ Verdict ┃ Message                ┃ Evidence                ┃
2026-09-30T06:26:51.218+00:00 ┡━━━━━━━━━━━━━━━━━╇━━━━━━━━━╇━━━━━━━━━━━━━━━━━━━━━━━━╇━━━━━━━━━━━━━━━━━━━━━━━━━┩
2026-09-30T06:26:51.219+00:00 │ length_bias     │ MINOR   │ effect size (Cohen's   │ mean chosen=132.8, mean │
2026-09-30T06:26:51.219+00:00 │                 │         │ d) = 0.459 (chosen     │ rejected=80.1           │
2026-09-30T06:26:51.219+00:00 │                 │         │ longer than rejected); │                         │
2026-09-30T06:26:51.219+00:00 │                 │         │ chosen is longer in    │                         │
2026-09-30T06:26:51.219+00:00 │                 │         │ 68.8% of rows          │                         │
2026-09-30T06:26:51.219+00:00 │ identical_pairs │ OK      │ 0/500 rows (0.0%) have │                         │
2026-09-30T06:26:51.219+00:00 │                 │         │ chosen == rejected     │                         │
2026-09-30T06:26:51.219+00:00 │                 │         │ (zero preference       │                         │
2026-09-30T06:26:51.219+00:00 │                 │         │ signal)                │                         │
2026-09-30T06:26:51.219+00:00 │ near_duplicates │ OK      │ near-dup check skipped │ pip install             │
2026-09-30T06:26:51.219+00:00 │                 │         │ (datasketch not        │ "soup-cli[data]" to     │
2026-09-30T06:26:51.219+00:00 │                 │         │ installed)             │ enable                  │
2026-09-30T06:26:51.219+00:00 │ prompt_leak     │ OK      │ 0/500 rows (0.0%) have │ min_prompt_len=40       │
2026-09-30T06:26:51.219+00:00 │                 │         │ the prompt echoed      │                         │
2026-09-30T06:26:51.219+00:00 │                 │         │ verbatim inside the    │                         │
2026-09-30T06:26:51.219+00:00 │                 │         │ completion             │                         │
2026-09-30T06:26:51.219+00:00 └─────────────────┴─────────┴────────────────────────┴─────────────────────────┘
2026-09-30T06:26:51.225+00:00 ╭────────── overall ───────────╮
2026-09-30T06:26:51.225+00:00 │ MINOR — 500/500 rows scanned │
2026-09-30T06:26:51.225+00:00 ╰──────────────────────────────╯
